== cargo build ==

== cargo run --example infection_scenario ==
t=0.0  wbc=7.00  cytokine=0.050  core_temp=37.00

--- repair events (693) ---
  t=  480.0  thermoregulation          target=thermal::core_temp  severity=0.238
  t=  480.0  evaporative_cooling       target=thermal::core_temp  severity=0.238  [skipped-conflict]
  t=  540.0  thermoregulation          target=thermal::core_temp  severity=0.224
  t=  540.0  evaporative_cooling       target=thermal::core_temp  severity=0.224  [skipped-conflict]
  t=  600.0  thermoregulation          target=thermal::core_temp  severity=0.229
  t=  600.0  evaporative_cooling       target=thermal::core_temp  severity=0.229  [skipped-conflict]
  t=  660.0  thermoregulation          target=thermal::core_temp  severity=0.215
  t=  660.0  evaporative_cooling       target=thermal::core_temp  severity=0.215  [skipped-conflict]
  t=  720.0  thermoregulation          target=thermal::core_temp  severity=0.202
  t=  720.0  evaporative_cooling       target=thermal::core_temp  severity=0.202  [skipped-conflict]
  t=  840.0  thermoregulation          target=thermal::core_temp  severity=0.275
  t=  840.0  evaporative_cooling       target=thermal::core_temp  severity=0.275  [skipped-conflict]
  t=  900.0  thermoregulation          target=thermal::core_temp  severity=0.279
  t=  900.0  evaporative_cooling       target=thermal::core_temp  severity=0.279  [skipped-conflict]
  t=  960.0  thermoregulation          target=thermal::core_temp  severity=0.265
  t=  960.0  evaporative_cooling       target=thermal::core_temp  severity=0.265  [skipped-conflict]
  t= 1020.0  thermoregulation          target=thermal::core_temp  severity=0.252
  t= 1020.0  evaporative_cooling       target=thermal::core_temp  severity=0.252  [skipped-conflict]
  t= 1080.0  thermoregulation          target=thermal::core_temp  severity=0.238
  t= 1080.0  evaporative_cooling       target=thermal::core_temp  severity=0.238  [skipped-conflict]
  t= 1140.0  thermoregulation          target=thermal::core_temp  severity=0.225
  t= 1140.0  evaporative_cooling       target=thermal::core_temp  severity=0.225  [skipped-conflict]
  t= 1200.0  immune_resolution         target=immune::wbc_count  severity=0.308
  t= 1200.0  thermoregulation          target=thermal::core_temp  severity=0.230
  t= 1200.0  evaporative_cooling       target=thermal::core_temp  severity=0.230  [skipped-conflict]
  t= 1260.0  thermoregulation          target=thermal::core_temp  severity=0.216
  t= 1260.0  evaporative_cooling       target=thermal::core_temp  severity=0.216  [skipped-conflict]
  t= 1320.0  thermoregulation          target=thermal::core_temp  severity=0.203
  t= 1320.0  evaporative_cooling       target=thermal::core_temp  severity=0.203  [skipped-conflict]
  t= 1440.0  thermoregulation          target=thermal::core_temp  severity=0.277
  t= 1440.0  evaporative_cooling       target=thermal::core_temp  severity=0.277  [skipped-conflict]
  t= 1500.0  immune_resolution         target=immune::wbc_count  severity=0.385
  t= 1500.0  immune_resolution         target=immune::wbc_count  severity=0.231
  t= 1500.0  thermoregulation          target=thermal::core_temp  severity=0.281
  t= 1500.0  evaporative_cooling       target=thermal::core_temp  severity=0.281  [skipped-conflict]
  t= 1560.0  thermoregulation          target=thermal::core_temp  severity=0.268
  t= 1560.0  evaporative_cooling       target=thermal::core_temp  severity=0.268  [skipped-conflict]
  t= 1620.0  thermoregulation          target=thermal::core_temp  severity=0.254
  t= 1620.0  evaporative_cooling       target=thermal::core_temp  severity=0.254  [skipped-conflict]
  t= 1680.0  thermoregulation          target=thermal::core_temp  severity=0.241
  t= 1680.0  evaporative_cooling       target=thermal::core_temp  severity=0.241  [skipped-conflict]
  t= 1740.0  thermoregulation          target=thermal::core_temp  severity=0.228
  t= 1740.0  evaporative_cooling       target=thermal::core_temp  severity=0.228  [skipped-conflict]
  t= 1800.0  immune_resolution         target=immune::cytokine_level  severity=0.367
  t= 1800.0  fever_response            target=immune::cytokine_level  severity=0.367
  t= 1800.0  immune_resolution         target=immune::wbc_count  severity=0.308
  ... (687 more events)

--- final state, t=14400s (4.0h) ---
wbc_count       = 11.50  (baseline 7.00, admissible 4.5-11.0)
cytokine_level  = 0.350  (baseline 0.05, admissible 0.0-0.3)
core_temp       = 36.47  (baseline 37.00, admissible 36.5-37.5)
crp             = 11.00  (baseline 1.00, admissible 0.0-10.0)

remaining unresolved violations: 8
  immune::wbc_count  severity=0.077
  immune::crp  severity=0.100
  immune::cytokine_level  severity=0.167
  thermal::core_temp  severity=0.130
  microcirculation::oxygen_extraction  severity=0.200
  microcirculation::tissue_perfusion  severity=0.156
  integumentary::skin_perfusion  severity=0.111
  integumentary::barrier_integrity  severity=0.193

fever_response fired 63 times, immune_resolution fired 169 times

== cargo run --example hemorrhage_scenario ==
events=253
MAP=90.00
hemoglobin=14.06
remaining_violations=4

== cargo run --example heat_stress_scenario ==
events=25
core_temp=36.26
sweat_rate=1.20
remaining_violations=5

== cargo run --example metabolic_challenge_scenario ==
events=174
blood_glucose=260.00
glycogen=-312.75
remaining_violations=17

== cargo run --example endocrine_stress_scenario ==
events=250
cortisol=12.00
sex_hormone_index=1.00
remaining_violations=19

== cargo test ==

running 0 tests

test result: ok. 0 passed; 0 failed; 0 ignored; 0 measured; 0 filtered out; finished in 0.00s


running 15 tests
test baseline_state_is_fully_admissible ... ok
test hierarchical_scheduler_executes_without_regression ... ok
test settle_helper_reduces_violations_from_scrambled_state ... ok
test subsystem_spec_template_exists_and_is_valid ... ok
test zero_mass_renal_gfr_violation_severity_is_finite ... ok
test heat_stress_scenario_engages_surface_cooling ... ok
test hemorrhage_scenario_invokes_compensation_without_runaway ... ok
test metabolic_challenge_consumes_glycogen_and_remains_bounded ... ok
test high_angii_input_raises_aldosterone_and_retains_volume ... ok
test renal_artery_stenosis_decouples_local_perfusion_from_systemic_pressure ... ok
test pathogen_challenge_raises_core_temp_via_cytokine_coupling ... ok
test nephrectomy_half_mass_uses_scaled_renal_admissibility ... ok
test endocrine_stress_shifts_hormonal_axis_without_breaking_admissibility ... ok
test renal_artery_stenosis_engages_raas_pathway ... ok
test renal_artery_stenosis_map_reaches_bounded_plateau ... ok

test result: ok. 15 passed; 0 failed; 0 ignored; 0 measured; 0 filtered out; finished in 4.58s


running 0 tests

test result: ok. 0 passed; 0 failed; 0 ignored; 0 measured; 0 filtered out; finished in 0.00s


Done. Try 'cargo run --example infection_scenario' on its own to re-run just the scenario.
